
> HOZN-real-estate@0.1.0 dev
> next dev --port 3002

   ▲ Next.js 14.0.4
   - Local:        http://localhost:3002

 ✓ Ready in 2.9s
 ○ Compiling /dashboard/dashboard-index ...
 ✓ Compiled /dashboard/dashboard-index in 10.5s (912 modules)
 ○ Compiling /dashboard/properties-list ...
 ✓ Compiled /dashboard/properties-list in 560ms (776 modules)
 ○ Compiling /[...not-found] ...
 ✓ Compiled /[...not-found] in 1285ms (1014 modules)
 ○ Compiling / ...
 ✓ Compiled / in 2s (1647 modules)
 ○ Compiling /dashboard/add-property ...
 ✓ Compiled /dashboard/add-property in 585ms (1653 modules)
 ○ Compiling /dashboard/membership ...
 ✓ Compiled /dashboard/membership in 515ms (1661 modules)
 ✓ Compiled /dashboard/account-settings in 478ms (1669 modules)
 ○ Compiling /dashboard/message ...
 ✓ Compiled /dashboard/message in 608ms (1703 modules)
 ✓ Compiled in 983ms (1667 modules)
 ✓ Compiled /dashboard/add-property in 324ms (899 modules)
 ○ Compiling /about_us_01 ...
 ✓ Compiled /about_us_01 in 2.1s (1811 modules)
 ○ Compiling /about_us_02 ...
 ✓ Compiled /about_us_02 in 1332ms (1873 modules)
 ○ Compiling /blog_01 ...
 ✓ Compiled /blog_01 in 612ms (1906 modules)
 ○ Compiling /blog_02 ...
 ✓ Compiled /blog_02 in 563ms (1788 modules)
 ○ Compiling /blog_03 ...
 ✓ Compiled /blog_03 in 536ms (1799 modules)
 ○ Compiling /blog_details ...
 ✓ Compiled /blog_details in 737ms (1815 modules)
 ○ Compiling /contact ...
 ✓ Compiled /contact in 768ms (1855 modules)
 ○ Compiling /faq ...
 ✓ Compiled /faq in 556ms (1843 modules)
 ✓ Compiled /about_us_02 in 223ms (961 modules)
 ○ Compiling /listing_07 ...
 ✓ Compiled /listing_07 in 1307ms (1894 modules)
 ○ Compiling /listing_details_06 ...
 ✓ Compiled /listing_details_06 in 760ms (1976 modules)
 ○ Compiling /listing_05 ...
 ✓ Compiled /listing_05 in 852ms (1919 modules)
 ○ Compiling /listing_09 ...
 ✓ Compiled /listing_09 in 1184ms (1932 modules)
 ✓ Compiled /dashboard/properties-list in 463ms (985 modules)
